requested_library=<NCCL_ROOT>/lib/libnccl.so.2.21.5
loaded_library=<NCCL_ROOT>/lib/libnccl.so.2.21.5
nccl_version_code=22105
rank=1 device=1 gpu_name=Tesla V100-SXM2-32GB
rank=1 operation=-1 count=0 stage=bootstrap_begin time_ns=354682669697942
rank=1 operation=-1 count=0 stage=bootstrap_return time_ns=354682725390747
rank=1 operation=-1 count=0 stage=comm_init_begin time_ns=354682725415497
<HOST>:<PID>:<TID> [1] NCCL INFO comm <PTR_8> rank 1 nRanks 2 nNodes 1 localRanks 2 localRank 1 MNNVL 0
<HOST>:<PID>:<TID> [1] NCCL INFO Channel 00/0 : 1[1] -> 0[0] via P2P/CUMEM
<HOST>:<PID>:<TID> [1] NCCL INFO Channel 01/0 : 1[1] -> 0[0] via P2P/CUMEM
<HOST>:<PID>:<TID> [1] NCCL INFO Channel 02/0 : 1[1] -> 0[0] via P2P/CUMEM
<HOST>:<PID>:<TID> [1] NCCL INFO Channel 03/0 : 1[1] -> 0[0] via P2P/CUMEM
<HOST>:<PID>:<TID> [1] NCCL INFO ncclCommInitRank comm <PTR_8> rank 1 nranks 2 cudaDev 1 nvmlDev 1 busId 1c000 commId <COMM_ID> - Init COMPLETE
rank=1 operation=-1 count=0 stage=comm_init_return time_ns=354683199467604
rank=1 operation=0 count=4 stage=api_begin time_ns=354683200217420
<HOST>:<PID>:<TID> [1] NCCL INFO AllReduce: opCount 0 sendbuff <PTR_9> recvbuff <PTR_10> count 4 datatype 7 op 0 root 0 comm <PTR_8> [nranks=2] stream <PTR_11>
rank=1 operation=0 count=4 stage=api_return time_ns=354683203560316
rank=1 operation=0 count=4 stage=stream_sync_return time_ns=354683203636135
rank=1 operation=0 count=4 expected=3 result=PASS
rank=1 operation=1 count=4 stage=api_begin time_ns=354683203759318
<HOST>:<PID>:<TID> [1] NCCL INFO AllReduce: opCount 1 sendbuff <PTR_9> recvbuff <PTR_10> count 4 datatype 7 op 0 root 0 comm <PTR_8> [nranks=2] stream <PTR_11>
rank=1 operation=1 count=4 stage=api_return time_ns=354683203809784
rank=1 operation=1 count=4 stage=stream_sync_return time_ns=354683203848895
rank=1 operation=1 count=4 expected=5 result=PASS
rank=1 operation=2 count=4 stage=api_begin time_ns=354683203916953
<HOST>:<PID>:<TID> [1] NCCL INFO AllReduce: opCount 2 sendbuff <PTR_9> recvbuff <PTR_10> count 4 datatype 7 op 0 root 0 comm <PTR_8> [nranks=2] stream <PTR_11>
rank=1 operation=2 count=4 stage=api_return time_ns=354683203956970
rank=1 operation=2 count=4 stage=stream_sync_return time_ns=354683203991601
rank=1 operation=2 count=4 expected=7 result=PASS
rank=1 operation=3 count=4096 stage=api_begin time_ns=354683204689467
<HOST>:<PID>:<TID> [1] NCCL INFO AllReduce: opCount 3 sendbuff <PTR_9> recvbuff <PTR_12> count 4096 datatype 7 op 0 root 0 comm <PTR_8> [nranks=2] stream <PTR_11>
rank=1 operation=3 count=4096 stage=api_return time_ns=354683204743332
rank=1 operation=3 count=4096 stage=stream_sync_return time_ns=354683204774558
rank=1 operation=3 count=4096 expected=9 result=PASS
rank=1 operation=4 count=4096 stage=api_begin time_ns=354683204866240
<HOST>:<PID>:<TID> [1] NCCL INFO AllReduce: opCount 4 sendbuff <PTR_9> recvbuff <PTR_12> count 4096 datatype 7 op 0 root 0 comm <PTR_8> [nranks=2] stream <PTR_11>
rank=1 operation=4 count=4096 stage=api_return time_ns=354683204906906
rank=1 operation=4 count=4096 stage=stream_sync_return time_ns=354683204935408
rank=1 operation=4 count=4096 expected=11 result=PASS
rank=1 operation=5 count=4096 stage=api_begin time_ns=354683205021175
<HOST>:<PID>:<TID> [1] NCCL INFO AllReduce: opCount 5 sendbuff <PTR_9> recvbuff <PTR_12> count 4096 datatype 7 op 0 root 0 comm <PTR_8> [nranks=2] stream <PTR_11>
rank=1 operation=5 count=4096 stage=api_return time_ns=354683205061544
rank=1 operation=5 count=4096 stage=stream_sync_return time_ns=354683205096133
rank=1 operation=5 count=4096 expected=13 result=PASS
rank=1 operation=6 count=1048576 stage=api_begin time_ns=354683213566414
<HOST>:<PID>:<TID> [1] NCCL INFO AllReduce: opCount 6 sendbuff <PTR_13> recvbuff <PTR_14> count 1048576 datatype 7 op 0 root 0 comm <PTR_8> [nranks=2] stream <PTR_11>
rank=1 operation=6 count=1048576 stage=api_return time_ns=354683213633501
rank=1 operation=6 count=1048576 stage=stream_sync_return time_ns=354683214120299
rank=1 operation=6 count=1048576 expected=15 result=PASS
rank=1 operation=7 count=1048576 stage=api_begin time_ns=354683218148602
<HOST>:<PID>:<TID> [1] NCCL INFO AllReduce: opCount 7 sendbuff <PTR_13> recvbuff <PTR_14> count 1048576 datatype 7 op 0 root 0 comm <PTR_8> [nranks=2] stream <PTR_11>
rank=1 operation=7 count=1048576 stage=api_return time_ns=354683218210590
rank=1 operation=7 count=1048576 stage=stream_sync_return time_ns=354683218525116
rank=1 operation=7 count=1048576 expected=17 result=PASS
rank=1 operation=8 count=1048576 stage=api_begin time_ns=354683222442514
<HOST>:<PID>:<TID> [1] NCCL INFO AllReduce: opCount 8 sendbuff <PTR_13> recvbuff <PTR_14> count 1048576 datatype 7 op 0 root 0 comm <PTR_8> [nranks=2] stream <PTR_11>
rank=1 operation=8 count=1048576 stage=api_return time_ns=354683222498875
rank=1 operation=8 count=1048576 stage=stream_sync_return time_ns=354683222838274
rank=1 operation=8 count=1048576 expected=19 result=PASS
rank=1 operations=9 status=PASS
