[library ELF metadata]

Dynamic section at offset 0x356fee0 contains 29 entries:
  Tag        Type                         Name/Value
 0x0000000000000001 (NEEDED)             Shared library: [libstdc++.so.6]
 0x0000000000000001 (NEEDED)             Shared library: [libm.so.6]
 0x0000000000000001 (NEEDED)             Shared library: [libgcc_s.so.1]
 0x0000000000000001 (NEEDED)             Shared library: [libc.so.6]
 0x0000000000000001 (NEEDED)             Shared library: [ld-linux-x86-64.so.2]
 0x000000000000000e (SONAME)             Library soname: [libnccl.so.2]
 0x000000000000000c (INIT)               0x2e000
 0x000000000000000d (FINI)               0x150104
 0x0000000000000019 (INIT_ARRAY)         0x356a000
 0x000000000000001b (INIT_ARRAYSZ)       928 (bytes)
 0x000000000000001a (FINI_ARRAY)         0x356a3a0
 0x000000000000001c (FINI_ARRAYSZ)       16 (bytes)
 0x000000006ffffef5 (GNU_HASH)           0x298
 0x0000000000000005 (STRTAB)             0x1f48
 0x0000000000000006 (SYMTAB)             0x478
 0x000000000000000a (STRSZ)              3361 (bytes)
 0x000000000000000b (SYMENT)             24 (bytes)
 0x0000000000000003 (PLTGOT)             0x3572000
 0x0000000000000002 (PLTRELSZ)           5304 (bytes)
 0x0000000000000014 (PLTREL)             RELA
 0x0000000000000017 (JMPREL)             0x2bde8
 0x0000000000000007 (RELA)               0x3048
 0x0000000000000008 (RELASZ)             167328 (bytes)
 0x0000000000000009 (RELAENT)            24 (bytes)
 0x000000006ffffffe (VERNEED)            0x2ea8
 0x000000006fffffff (VERNEEDNUM)         5
 0x000000006ffffff0 (VERSYM)             0x2c6a
 0x000000006ffffff9 (RELACOUNT)          6951
 0x0000000000000000 (NULL)               0x0
[library SHA256]
e4437dd0b48e3ab426b17b394043a0d162f1c9040b32bcf34b5b866e6286132a  <POD_TMP>/source/day15-trace/.build/nccl/lib/libnccl.so.2.21.5
[actual loaded symbol and runtime version]
requested_library=<POD_TMP>/source/day15-trace/.build/nccl/lib/libnccl.so.2.21.5
loaded_library=<POD_TMP>/source/day15-trace/.build/nccl/lib/libnccl.so.2.21.5
nccl_version_code=22105
nccl_version=2.21.5
status=PASS
