requested_library=<NCCL_ROOT>/lib/libnccl.so.2.21.5
loaded_library=<NCCL_ROOT>/lib/libnccl.so.2.21.5
nccl_version_code=22105
rank=0 device=0 gpu_name=Tesla V100-SXM2-32GB
rank=0 operation=-1 count=0 stage=bootstrap_begin time_ns=364779707904283
rank=0 operation=-1 count=0 stage=bootstrap_return time_ns=364779710863751
rank=0 operation=-1 count=0 stage=comm_init_begin time_ns=364779710896227
<HOST>:<PID>:<TID> [0] NCCL INFO comm <PTR_0> rank 0 nRanks 2 nNodes 1 localRanks 2 localRank 0 MNNVL 0
<HOST>:<PID>:<TID> [0] NCCL INFO Channel 00/0 : 0[0] -> 1[1] via P2P/CUMEM
<HOST>:<PID>:<TID> [0] NCCL INFO Channel 01/0 : 0[0] -> 1[1] via P2P/CUMEM
<HOST>:<PID>:<TID> [0] NCCL INFO Channel 02/0 : 0[0] -> 1[1] via P2P/CUMEM
<HOST>:<PID>:<TID> [0] NCCL INFO Channel 03/0 : 0[0] -> 1[1] via P2P/CUMEM
<HOST>:<PID>:<TID> [0] NCCL INFO ncclCommInitRank comm <PTR_0> rank 0 nranks 2 cudaDev 0 nvmlDev 0 busId 1c000 commId <COMM_ID> - Init COMPLETE
rank=0 operation=-1 count=0 stage=comm_init_return time_ns=364780136991204
rank=0 operation=0 count=4 stage=api_begin time_ns=364780137398394
<HOST>:<PID>:<TID> [0] NCCL INFO AllReduce: opCount 0 sendbuff <PTR_2> recvbuff <PTR_3> count 4 datatype 7 op 0 root 0 comm <PTR_0> [nranks=2] stream <PTR_4>
<HOST>:<PID>:<TID> [0] 428.542514 addCBDCollToPlan:498 NCCL TRACE CBDColl enqueue coll AllReduce(ncclSum, ncclFloat32, RING, LL), nChannels 1, count 4 (nbytes 16), usableChannel 1, maxBytesPerChannel 16, chunkCount 8192, lastChunkCount 192, funcIndex 209, nThreads 96
rank=0 operation=0 count=4 stage=api_return time_ns=364780140701026
rank=0 operation=0 count=4 stage=stream_sync_return time_ns=364780141071900
rank=0 operation=0 count=4 expected=3 result=PASS
rank=0 operation=1 count=4 stage=api_begin time_ns=364780141190451
<HOST>:<PID>:<TID> [0] NCCL INFO AllReduce: opCount 1 sendbuff <PTR_2> recvbuff <PTR_3> count 4 datatype 7 op 0 root 0 comm <PTR_0> [nranks=2] stream <PTR_4>
<HOST>:<PID>:<TID> [0] 432.286596 addCBDCollToPlan:498 NCCL TRACE CBDColl enqueue coll AllReduce(ncclSum, ncclFloat32, RING, LL), nChannels 1, count 4 (nbytes 16), usableChannel 1, maxBytesPerChannel 16, chunkCount 8192, lastChunkCount 192, funcIndex 209, nThreads 96
rank=0 operation=1 count=4 stage=api_return time_ns=364780141242593
rank=0 operation=1 count=4 stage=stream_sync_return time_ns=364780141319302
rank=0 operation=1 count=4 expected=5 result=PASS
rank=0 operation=2 count=4 stage=api_begin time_ns=364780141381587
<HOST>:<PID>:<TID> [0] NCCL INFO AllReduce: opCount 2 sendbuff <PTR_2> recvbuff <PTR_3> count 4 datatype 7 op 0 root 0 comm <PTR_0> [nranks=2] stream <PTR_4>
<HOST>:<PID>:<TID> [0] 432.471976 addCBDCollToPlan:498 NCCL TRACE CBDColl enqueue coll AllReduce(ncclSum, ncclFloat32, RING, LL), nChannels 1, count 4 (nbytes 16), usableChannel 1, maxBytesPerChannel 16, chunkCount 8192, lastChunkCount 192, funcIndex 209, nThreads 96
rank=0 operation=2 count=4 stage=api_return time_ns=364780141423957
rank=0 operation=2 count=4 stage=stream_sync_return time_ns=364780141477374
rank=0 operation=2 count=4 expected=7 result=PASS
rank=0 operation=3 count=4096 stage=api_begin time_ns=364780142158069
<HOST>:<PID>:<TID> [0] NCCL INFO AllReduce: opCount 3 sendbuff <PTR_2> recvbuff <PTR_5> count 4096 datatype 7 op 0 root 0 comm <PTR_0> [nranks=2] stream <PTR_4>
<HOST>:<PID>:<TID> [0] 433.258970 addCBDCollToPlan:498 NCCL TRACE CBDColl enqueue coll AllReduce(ncclSum, ncclFloat32, RING, LL), nChannels 2, count 4096 (nbytes 16384), usableChannel 2, maxBytesPerChannel 8192, chunkCount 8192, lastChunkCount 1024, funcIndex 209, nThreads 512
rank=0 operation=3 count=4096 stage=api_return time_ns=364780142215073
rank=0 operation=3 count=4096 stage=stream_sync_return time_ns=364780142246160
rank=0 operation=3 count=4096 expected=9 result=PASS
rank=0 operation=4 count=4096 stage=api_begin time_ns=364780142331870
<HOST>:<PID>:<TID> [0] NCCL INFO AllReduce: opCount 4 sendbuff <PTR_2> recvbuff <PTR_5> count 4096 datatype 7 op 0 root 0 comm <PTR_0> [nranks=2] stream <PTR_4>
<HOST>:<PID>:<TID> [0] 433.423200 addCBDCollToPlan:498 NCCL TRACE CBDColl enqueue coll AllReduce(ncclSum, ncclFloat32, RING, LL), nChannels 2, count 4096 (nbytes 16384), usableChannel 2, maxBytesPerChannel 8192, chunkCount 8192, lastChunkCount 1024, funcIndex 209, nThreads 512
rank=0 operation=4 count=4096 stage=api_return time_ns=364780142374855
rank=0 operation=4 count=4096 stage=stream_sync_return time_ns=364780142401505
rank=0 operation=4 count=4096 expected=11 result=PASS
rank=0 operation=5 count=4096 stage=api_begin time_ns=364780142480746
<HOST>:<PID>:<TID> [0] NCCL INFO AllReduce: opCount 5 sendbuff <PTR_2> recvbuff <PTR_5> count 4096 datatype 7 op 0 root 0 comm <PTR_0> [nranks=2] stream <PTR_4>
<HOST>:<PID>:<TID> [0] 433.571221 addCBDCollToPlan:498 NCCL TRACE CBDColl enqueue coll AllReduce(ncclSum, ncclFloat32, RING, LL), nChannels 2, count 4096 (nbytes 16384), usableChannel 2, maxBytesPerChannel 8192, chunkCount 8192, lastChunkCount 1024, funcIndex 209, nThreads 512
rank=0 operation=5 count=4096 stage=api_return time_ns=364780142522869
rank=0 operation=5 count=4096 stage=stream_sync_return time_ns=364780142570800
rank=0 operation=5 count=4096 expected=13 result=PASS
rank=0 operation=6 count=1048576 stage=api_begin time_ns=364780149963037
<HOST>:<PID>:<TID> [0] NCCL INFO AllReduce: opCount 6 sendbuff <PTR_6> recvbuff <PTR_7> count 1048576 datatype 7 op 0 root 0 comm <PTR_0> [nranks=2] stream <PTR_4>
<HOST>:<PID>:<TID> [0] 441.074674 addCBDCollToPlan:498 NCCL TRACE CBDColl enqueue coll AllReduce(ncclSum, ncclFloat32, RING, SIMPLE), nChannels 4, count 1048576 (nbytes 4194304), usableChannel 4, maxBytesPerChannel 1048576, chunkCount 524288, lastChunkCount 131072, funcIndex 211, nThreads 544
rank=0 operation=6 count=1048576 stage=api_return time_ns=364780150032452
rank=0 operation=6 count=1048576 stage=stream_sync_return time_ns=364780151225492
rank=0 operation=6 count=1048576 expected=15 result=PASS
rank=0 operation=7 count=1048576 stage=api_begin time_ns=364780154606234
<HOST>:<PID>:<TID> [0] NCCL INFO AllReduce: opCount 7 sendbuff <PTR_6> recvbuff <PTR_7> count 1048576 datatype 7 op 0 root 0 comm <PTR_0> [nranks=2] stream <PTR_4>
<HOST>:<PID>:<TID> [0] 445.710139 addCBDCollToPlan:498 NCCL TRACE CBDColl enqueue coll AllReduce(ncclSum, ncclFloat32, RING, SIMPLE), nChannels 4, count 1048576 (nbytes 4194304), usableChannel 4, maxBytesPerChannel 1048576, chunkCount 524288, lastChunkCount 131072, funcIndex 211, nThreads 544
rank=0 operation=7 count=1048576 stage=api_return time_ns=364780154668446
rank=0 operation=7 count=1048576 stage=stream_sync_return time_ns=364780155310354
rank=0 operation=7 count=1048576 expected=17 result=PASS
rank=0 operation=8 count=1048576 stage=api_begin time_ns=364780158425114
<HOST>:<PID>:<TID> [0] NCCL INFO AllReduce: opCount 8 sendbuff <PTR_6> recvbuff <PTR_7> count 1048576 datatype 7 op 0 root 0 comm <PTR_0> [nranks=2] stream <PTR_4>
<HOST>:<PID>:<TID> [0] 449.537562 addCBDCollToPlan:498 NCCL TRACE CBDColl enqueue coll AllReduce(ncclSum, ncclFloat32, RING, SIMPLE), nChannels 4, count 1048576 (nbytes 4194304), usableChannel 4, maxBytesPerChannel 1048576, chunkCount 524288, lastChunkCount 131072, funcIndex 211, nThreads 544
rank=0 operation=8 count=1048576 stage=api_return time_ns=364780158496262
rank=0 operation=8 count=1048576 stage=stream_sync_return time_ns=364780159142954
rank=0 operation=8 count=1048576 expected=19 result=PASS
rank=0 operations=9 status=PASS
