requested_library=<NCCL_ROOT>/lib/libnccl.so.2.21.5
loaded_library=<NCCL_ROOT>/lib/libnccl.so.2.21.5
nccl_version_code=22105
rank=1 device=1 gpu_name=Tesla V100-SXM2-32GB
rank=1 operation=-1 count=0 stage=bootstrap_begin time_ns=364779737785752
rank=1 operation=-1 count=0 stage=bootstrap_return time_ns=364779737853586
rank=1 operation=-1 count=0 stage=comm_init_begin time_ns=364779737882686
<HOST>:<PID>:<TID> [1] NCCL INFO comm <PTR_8> rank 1 nRanks 2 nNodes 1 localRanks 2 localRank 1 MNNVL 0
<HOST>:<PID>:<TID> [1] NCCL INFO Channel 00/0 : 1[1] -> 0[0] via P2P/CUMEM
<HOST>:<PID>:<TID> [1] NCCL INFO Channel 01/0 : 1[1] -> 0[0] via P2P/CUMEM
<HOST>:<PID>:<TID> [1] NCCL INFO Channel 02/0 : 1[1] -> 0[0] via P2P/CUMEM
<HOST>:<PID>:<TID> [1] NCCL INFO Channel 03/0 : 1[1] -> 0[0] via P2P/CUMEM
<HOST>:<PID>:<TID> [1] NCCL INFO ncclCommInitRank comm <PTR_8> rank 1 nranks 2 cudaDev 1 nvmlDev 1 busId 1e000 commId <COMM_ID> - Init COMPLETE
rank=1 operation=-1 count=0 stage=comm_init_return time_ns=364780136896856
rank=1 operation=0 count=4 stage=api_begin time_ns=364780137329817
<HOST>:<PID>:<TID> [1] NCCL INFO AllReduce: opCount 0 sendbuff <PTR_9> recvbuff <PTR_10> count 4 datatype 7 op 0 root 0 comm <PTR_8> [nranks=2] stream <PTR_11>
rank=1 operation=0 count=4 stage=api_return time_ns=364780141063271
rank=1 operation=0 count=4 stage=stream_sync_return time_ns=364780141117926
rank=1 operation=0 count=4 expected=3 result=PASS
rank=1 operation=1 count=4 stage=api_begin time_ns=364780141252184
<HOST>:<PID>:<TID> [1] NCCL INFO AllReduce: opCount 1 sendbuff <PTR_9> recvbuff <PTR_10> count 4 datatype 7 op 0 root 0 comm <PTR_8> [nranks=2] stream <PTR_11>
rank=1 operation=1 count=4 stage=api_return time_ns=364780141310374
rank=1 operation=1 count=4 stage=stream_sync_return time_ns=364780141346566
rank=1 operation=1 count=4 expected=5 result=PASS
rank=1 operation=2 count=4 stage=api_begin time_ns=364780141421310
<HOST>:<PID>:<TID> [1] NCCL INFO AllReduce: opCount 2 sendbuff <PTR_9> recvbuff <PTR_10> count 4 datatype 7 op 0 root 0 comm <PTR_8> [nranks=2] stream <PTR_11>
rank=1 operation=2 count=4 stage=api_return time_ns=364780141468989
rank=1 operation=2 count=4 stage=stream_sync_return time_ns=364780141499156
rank=1 operation=2 count=4 expected=7 result=PASS
rank=1 operation=3 count=4096 stage=api_begin time_ns=364780142144461
<HOST>:<PID>:<TID> [1] NCCL INFO AllReduce: opCount 3 sendbuff <PTR_9> recvbuff <PTR_12> count 4096 datatype 7 op 0 root 0 comm <PTR_8> [nranks=2] stream <PTR_11>
rank=1 operation=3 count=4096 stage=api_return time_ns=364780142206912
rank=1 operation=3 count=4096 stage=stream_sync_return time_ns=364780142239161
rank=1 operation=3 count=4096 expected=9 result=PASS
rank=1 operation=4 count=4096 stage=api_begin time_ns=364780142340420
<HOST>:<PID>:<TID> [1] NCCL INFO AllReduce: opCount 4 sendbuff <PTR_9> recvbuff <PTR_12> count 4096 datatype 7 op 0 root 0 comm <PTR_8> [nranks=2] stream <PTR_11>
rank=1 operation=4 count=4096 stage=api_return time_ns=364780142388703
rank=1 operation=4 count=4096 stage=stream_sync_return time_ns=364780142419586
rank=1 operation=4 count=4096 expected=11 result=PASS
rank=1 operation=5 count=4096 stage=api_begin time_ns=364780142511727
<HOST>:<PID>:<TID> [1] NCCL INFO AllReduce: opCount 5 sendbuff <PTR_9> recvbuff <PTR_12> count 4096 datatype 7 op 0 root 0 comm <PTR_8> [nranks=2] stream <PTR_11>
rank=1 operation=5 count=4096 stage=api_return time_ns=364780142559039
rank=1 operation=5 count=4096 stage=stream_sync_return time_ns=364780142590343
rank=1 operation=5 count=4096 expected=13 result=PASS
rank=1 operation=6 count=1048576 stage=api_begin time_ns=364780150991266
<HOST>:<PID>:<TID> [1] NCCL INFO AllReduce: opCount 6 sendbuff <PTR_13> recvbuff <PTR_14> count 1048576 datatype 7 op 0 root 0 comm <PTR_8> [nranks=2] stream <PTR_11>
rank=1 operation=6 count=1048576 stage=api_return time_ns=364780151068553
rank=1 operation=6 count=1048576 stage=stream_sync_return time_ns=364780151239043
rank=1 operation=6 count=1048576 expected=15 result=PASS
rank=1 operation=7 count=1048576 stage=api_begin time_ns=364780155082555
<HOST>:<PID>:<TID> [1] NCCL INFO AllReduce: opCount 7 sendbuff <PTR_13> recvbuff <PTR_14> count 1048576 datatype 7 op 0 root 0 comm <PTR_8> [nranks=2] stream <PTR_11>
rank=1 operation=7 count=1048576 stage=api_return time_ns=364780155147737
rank=1 operation=7 count=1048576 stage=stream_sync_return time_ns=364780155321172
rank=1 operation=7 count=1048576 expected=17 result=PASS
rank=1 operation=8 count=1048576 stage=api_begin time_ns=364780158915135
<HOST>:<PID>:<TID> [1] NCCL INFO AllReduce: opCount 8 sendbuff <PTR_13> recvbuff <PTR_14> count 1048576 datatype 7 op 0 root 0 comm <PTR_8> [nranks=2] stream <PTR_11>
rank=1 operation=8 count=1048576 stage=api_return time_ns=364780158980457
rank=1 operation=8 count=1048576 stage=stream_sync_return time_ns=364780159157287
rank=1 operation=8 count=1048576 expected=19 result=PASS
rank=1 operations=9 status=PASS
